// Jest Snapshot v1, https://goo.gl/fbAQLP

exports[`#sprockets/sprockets/check-answers/title <Title /> With additional props matches the snapshot 1`] = `
<h2
  className="MOCK CLASSNAME"
>
  <TextContent>
    <span
      className="text-content"
    >
      MOCK TITLE
    </span>
  </TextContent>
</h2>
`;

exports[`#sprockets/sprockets/check-answers/title <Title /> With required props matches the snapshot 1`] = `null`;
