// Jest Snapshot v1, https://goo.gl/fbAQLP

exports[`#sprockets/components/title <Title /> With additional props matches the snapshot 1`] = `
<legend
  className="title"
>
  <TextContent>
    <span
      className="text-content"
    >
      MOCK TITLE
    </span>
  </TextContent>
</legend>
`;

exports[`#sprockets/components/title <Title /> With required props matches the snapshot 1`] = `null`;
