// Jest Snapshot v1, https://goo.gl/fbAQLP

exports[`shinkansen-sprockets/sprockets/fieldset <Sprocket /> With additional props renders 1`] = `
<div
  className="MOCK CLASSNAME"
/>
`;

exports[`shinkansen-sprockets/sprockets/fieldset <Sprocket /> With required props renders 1`] = `
<div
  className="MOCK CLASSNAME"
/>
`;
