// Jest Snapshot v1, https://goo.gl/fbAQLP

exports[`@modernpoacher/sprockets/components/group/error-summary <Group /> With additional props renders 1`] = `
<ul
  className="MOCK CLASSNAME"
>
  <li
    className="error"
  >
    <a
      href="#mock-error-href"
    >
      <span
        className="text-content"
      >
        MOCK ERROR TEXT
      </span>
    </a>
  </li>
</ul>
`;

exports[`@modernpoacher/sprockets/components/group/error-summary <Group /> With required props renders 1`] = `null`;
