// Jest Snapshot v1, https://goo.gl/fbAQLP

exports[`shinkansen-sprockets/sprockets <Sprocket /> With additional props renders 1`] = `
<fieldset
  className="sprocket"
/>
`;

exports[`shinkansen-sprockets/sprockets <Sprocket /> With required props renders 1`] = `
<fieldset
  className="sprocket"
/>
`;
