// Jest Snapshot v1, https://goo.gl/fbAQLP

exports[`@modernpoacher/sprockets/sprockets/fieldset/title <Title /> With additional props renders 1`] = `
<legend
  className="MOCK CLASSNAME"
>
  MOCK RENDER CONTENT
</legend>
`;

exports[`@modernpoacher/sprockets/sprockets/fieldset/title <Title /> With required props renders 1`] = `null`;
