// Jest Snapshot v1, https://goo.gl/fbAQLP

exports[`#sprockets/sprockets/check-answers/group <Group /> With additional props renders 1`] = `
<dl
  className="MOCK CLASSNAME"
>
  <div
    className="answer"
  >
    MOCK ANSWER TITLE
    MOCK ANSWER VALUE
    MOCK CHANGE ANSWER
  </div>
</dl>
`;

exports[`#sprockets/sprockets/check-answers/group <Group /> With required props renders 1`] = `null`;
