// Jest Snapshot v1, https://goo.gl/fbAQLP

exports[`@modernpoacher/sprockets/components/title/error-summary <Title /> With additional props renders 1`] = `
<h2
  className="MOCK CLASSNAME"
>
  MOCK RENDER CONTENT
</h2>
`;

exports[`@modernpoacher/sprockets/components/title/error-summary <Title /> With required props renders 1`] = `null`;
