// Jest Snapshot v1, https://goo.gl/fbAQLP

exports[`shinkansen-sprockets/components/label <Label /> With additional props renders 1`] = `
<legend
  className="label"
>
  MOCK TEXT CONTENT
</legend>
`;

exports[`shinkansen-sprockets/components/label <Label /> With required props renders 1`] = `null`;
