// Jest Snapshot v1, https://goo.gl/fbAQLP

exports[`#sprockets/components/group <Group /> With additional props matches the snapshot 1`] = `
<fieldset
  className="group"
>
  MOCK CHILDREN
</fieldset>
`;

exports[`#sprockets/components/group <Group /> With required props matches the snapshot 1`] = `null`;
